JSON_VALUE_1,JSON_VALUE_2,TEST_SMALLINT,TEST_INTEGER,TEST_BIGINT,TEST_DECIMAL,TEST_NUMERIC,TEST_CHAR,TEST_VARCHAR,TEST_DATE,TEST_TIMESTAMP,TEST_BOOLEAN,TEST_JSON
abc,2,1,1,1,1,1,a,a,2020-01-01,2020-01-01,True,"{
  ""json_value_1"": ""abc"",
  ""json_value_2"": 2
}"
