version: 2

models:
  - name: test_model
    description: ""
    columns:
      - name: json_value_1
        description: "TEST OF JSON VALUE 1 FLATTENED"
      - name: json_value_2
        description: "TEST OF JSON VALUE 2 FLATTENED"
      - name: test_smallint
        description: "TEST OF SMALLINT COLUMN TYPE"
      - name: test_integer
        description: "TEST OF INTEGER COLUMN TYPE"
      - name: test_bigint
        description: "TEST OF BIGINT COLUMN TYPE"
      - name: test_decimal
        description: "TEST OF DECIMAL COLUMN TYPE"
      - name: test_numeric
        description: "TEST OF NUMERIC COLUMN TYPE"
      - name: test_char
        description: "TEST OF CHAR COLUMN TYPE"
      - name: test_varchar
        description: "TEST OF VARCHAR COLUMN TYPE"
      - name: test_date
        description: "TEST OF DATE COLUMN TYPE"
      - name: test_timestamp
        description: "TEST OF TIMESTAMP COLUMN TYPE"
      - name: test_boolean
        description: "TEST OF BOOLEAN COLUMN TYPE"
      - name: test_json
