version: 2

sources:
  - name: tests
    database: dbt-coves-test
    tables:
      - name: test_model
        description: ''
