test_smallint,test_integer,test_bigint,test_decimal,test_numeric,test_char,test_varchar,test_date,test_timestamp,test_boolean,test_json
1,1,1,1,1,a,a,2020-01-01,2020-01-01,True,"{""name"":""abc"",""value"":2}"
